No config path provided, using default 'drizzle.config.ts'
Reading config file 'D:\web\web_we3\drizzle.config.ts'
Using 'pg' driver for database querying
bunx : error: type "discount_type" already exists
At line:1 char:1
+ bunx drizzle-kit migrate *> tmp/migrate.log; $code=$LASTEXITCODE; Get ...
+ ~~~~~~~~~~~~~~~~~~~~~~~~~~~~~~~~~~~~~~~~~~~
    + CategoryInfo          : NotSpecified: (error: type "di... already exists:String) [], RemoteException
    + FullyQualifiedErrorId : NativeCommandError
 
    at D:\web\web_we3\node_modules\pg\lib\client.js:694:17
    at process.processTicksAndRejections (node:internal/process/task_queues:104:5)
    at async <anonymous> (D:\web\web_we3\node_modules\src\pg-core\dialect.ts:102:7)
    at async NodePgSession.transaction (D:\web\web_we3\node_modules\src\node-postgres\session.ts:193:19)
    at async PgDialect.migrate (D:\web\web_we3\node_modules\src\pg-core\dialect.ts:95:3)
    at async migrate (D:\web\web_we3\node_modules\src\node-postgres\migrator.ts:10:2) {
  length: 93,
  severity: 'ERROR',
  code: '42710',
  detail: undefined,
  hint: undefined,
  position: undefined,
  internalPosition: undefined,
  internalQuery: undefined,
  where: undefined,
  schema: undefined,
  table: undefined,
  column: undefined,
  dataType: undefined,
  constraint: undefined,
  file: 'typecmds.c',
  line: '1177',
  routine: 'DefineEnum'
}
[Γú╖] applying migrations...[Γú»] applying migrations...[Γúƒ] applying migrations...[Γí┐] applying migrations...[Γó┐] applying migrations...[Γú╗] applying migrations...[Γú╜] applying migrations...[Γú╖] applying migrations...[Γú»] applying migrations...[Γúƒ] applying migrations...[Γí┐] applying migrations...[Γó┐] applying migrations...[Γú╗] applying migrations...[Γú╜] applying migrations...
